// Jest Snapshot v1, https://goo.gl/fbAQLP

exports[`FormView component should render 1`] = `ShallowWrapper {}`;
